[backblue.gif]
[fade.gif]
[index.html]
[letsdance.ho.ua/bg.jpg]
[letsdance.ho.ua/bg1.jpg]
[letsdance.ho.ua/SpryAssets/SpryMenuBar.js]
[line.ho.net.ua/hoad.js]
[letsdance.ho.ua/logo.jpg]
[prom.ua/image/bonus/buttons/b0b_middle.png]
[prom.ua/image/bonus/buttons/b0b_left.png]
[prom.ua/image/bonus/buttons/b0b_right.png]
[letsdance.ho.ua/index.html]
[letsdance.ho.ua/SpryAssets/SpryMenuBarRight.gif]
[letsdance.ho.ua/SpryAssets/SpryMenuBarVertical.css]
[letsdance.ho.ua/SpryAssets/SpryMenuBarRightHover.gif]
[letsdance.ho.ua/index-2.html]
[letsdance.ho.ua/highslide/highslide-with-gallery.js]
[letsdance.ho.ua/highslide/highslide.config.js]
[letsdance.ho.ua/highslide/images/large/0012.jpg]
[letsdance.ho.ua/highslide/images/thumbs/0012.jpg]
[letsdance.ho.ua/highslide/images/large/004.jpg]
[letsdance.ho.ua/highslide/images/thumbs/004.jpg]
[letsdance.ho.ua/highslide/images/large/2500.jpg]
[letsdance.ho.ua/highslide/images/thumbs/2500.jpg]
[letsdance.ho.ua/highslide/images/large/003.jpg]
[letsdance.ho.ua/highslide/images/thumbs/003.jpg]
[letsdance.ho.ua/highslide/images/large/2300.jpg]
[letsdance.ho.ua/highslide/images/thumbs/2300.jpg]
[letsdance.ho.ua/highslide/images/large/1200.jpg]
[letsdance.ho.ua/highslide/images/thumbs/1200.jpg]
[letsdance.ho.ua/highslide/images/large/010.jpg]
[letsdance.ho.ua/highslide/images/thumbs/010.jpg]
[letsdance.ho.ua/2.html]
[letsdance.ho.ua/highslide/images/large/1000-250.jpg]
[letsdance.ho.ua/highslide/images/thumbs/1000-250.jpg]
[letsdance.ho.ua/highslide/images/large/14.09006.jpg]
[letsdance.ho.ua/highslide/images/thumbs/14.09006.jpg]
[letsdance.ho.ua/highslide/images/large/079.jpg]
[letsdance.ho.ua/highslide/images/thumbs/079.jpg]
[letsdance.ho.ua/highslide/images/large/007.jpg]
[letsdance.ho.ua/highslide/images/thumbs/007.jpg]
[letsdance.ho.ua/3.html]
[letsdance.ho.ua/4.html]
[letsdance.ho.ua/highslide/images/large/_____________4ba76ba261e76_232x174.jpg]
[letsdance.ho.ua/highslide/images/thumbs/_____________4ba76ba261e76_232x174.jpg]
[letsdance.ho.ua/highslide/images/large/10-10.jpg]
[letsdance.ho.ua/highslide/images/thumbs/10-10.jpg]
[letsdance.ho.ua/highslide/images/large/09-10.jpg]
[letsdance.ho.ua/highslide/images/thumbs/09-10.jpg]
[letsdance.ho.ua/highslide/images/large/08-10.jpg]
[letsdance.ho.ua/highslide/images/thumbs/08-10.jpg]
[letsdance.ho.ua/highslide/images/large/001.jpg]
[letsdance.ho.ua/highslide/images/thumbs/001.jpg]
[letsdance.ho.ua/highslide/images/large/005.jpg]
[letsdance.ho.ua/highslide/images/thumbs/005.jpg]
[letsdance.ho.ua/5.html]
[letsdance.ho.ua/highslide/images/large/550.-2.jpg]
[letsdance.ho.ua/highslide/images/thumbs/550.-2.jpg]
[letsdance.ho.ua/highslide/images/large/600-2.jpg]
[letsdance.ho.ua/highslide/images/thumbs/600-2.jpg]
[letsdance.ho.ua/highslide/images/large/800.jpg]
[letsdance.ho.ua/highslide/images/thumbs/800.jpg]
[letsdance.ho.ua/highslide/images/large/550-3.jpg]
[letsdance.ho.ua/highslide/images/thumbs/550-3.jpg]
[letsdance.ho.ua/highslide/images/large/450..jpg]
[letsdance.ho.ua/highslide/images/thumbs/450..jpg]
[letsdance.ho.ua/highslide/images/large/860.jpg]
[letsdance.ho.ua/highslide/images/thumbs/860.jpg]
[letsdance.ho.ua/highslide/images/large/750..jpg]
[letsdance.ho.ua/highslide/images/thumbs/750..jpg]
[letsdance.ho.ua/highslide/images/large/700..jpg]
[letsdance.ho.ua/highslide/images/thumbs/700..jpg]
[letsdance.ho.ua/highslide/images/large/1500..jpg]
[letsdance.ho.ua/highslide/images/thumbs/1500..jpg]
[letsdance.ho.ua/highslide/images/large/650.jpg]
[letsdance.ho.ua/highslide/images/thumbs/650.jpg]
[letsdance.ho.ua/highslide/images/large/550..jpg]
[letsdance.ho.ua/highslide/images/thumbs/550..jpg]
[letsdance.ho.ua/highslide/images/large/600.jpg]
[letsdance.ho.ua/highslide/images/thumbs/600.jpg]
[letsdance.ho.ua/highslide/images/large/600..jpg]
[letsdance.ho.ua/highslide/images/thumbs/600..jpg]
[letsdance.ho.ua/highslide/images/large/500.jpg]
[letsdance.ho.ua/highslide/images/thumbs/500.jpg]
[letsdance.ho.ua/6.html]
[letsdance.ho.ua/highslide/images/large/0088.jpg]
[letsdance.ho.ua/highslide/images/thumbs/0088.jpg]
[letsdance.ho.ua/9.html]
[letsdance.ho.ua/10.html]
[letsdance.ho.ua/highslide/images/large/gymnastic_body_11.jpg]
[letsdance.ho.ua/highslide/images/thumbs/gymnastic_body_11.jpg]
[letsdance.ho.ua/highslide/images/large/gymnastic_body_02.jpg]
[letsdance.ho.ua/highslide/images/thumbs/gymnastic_body_02.jpg]
[letsdance.ho.ua/highslide/images/large/dymnastic_body_10_450..jpg]
[letsdance.ho.ua/highslide/images/thumbs/dymnastic_body_10_450..jpg]
[letsdance.ho.ua/highslide/images/large/gymnastic_body_07_320..jpg]
[letsdance.ho.ua/highslide/images/thumbs/gymnastic_body_07_320..jpg]
[letsdance.ho.ua/highslide/images/large/gymnastic_body_09_380..jpg]
[letsdance.ho.ua/highslide/images/thumbs/gymnastic_body_09_380..jpg]
[letsdance.ho.ua/highslide/images/large/gymnastic_body_08_350.jpg]
[letsdance.ho.ua/highslide/images/thumbs/gymnastic_body_08_350.jpg]
[letsdance.ho.ua/highslide/images/large/gymnastic_body_01.jpg]
[letsdance.ho.ua/highslide/images/thumbs/gymnastic_body_01.jpg]
[letsdance.ho.ua/highslide/images/large/gymnastic_body_05_250.jpg]
[letsdance.ho.ua/highslide/images/thumbs/gymnastic_body_05_250.jpg]
[letsdance.ho.ua/highslide/images/large/gymnastic_body_03.jpg]
[letsdance.ho.ua/highslide/images/thumbs/gymnastic_body_03.jpg]
[letsdance.ho.ua/highslide/images/large/Indian_clubs.jpg]
[letsdance.ho.ua/highslide/images/thumbs/Indian_clubs.jpg]
[letsdance.ho.ua/highslide/images/large/ribbon.jpg]
[letsdance.ho.ua/highslide/images/thumbs/ribbon.jpg]
[letsdance.ho.ua/highslide/images/large/jumping_rope.jpg]
[letsdance.ho.ua/highslide/images/thumbs/jumping_rope.jpg]
[letsdance.ho.ua/highslide/images/large/balls.jpg]
[letsdance.ho.ua/highslide/images/thumbs/balls.jpg]
[letsdance.ho.ua/highslide/images/large/gym_shoes.jpg]
[letsdance.ho.ua/highslide/images/thumbs/gym_shoes.jpg]
[letsdance.ho.ua/11.html]
[letsdance.ho.ua/highslide/images/large/fenix-kyp.jpg]
[letsdance.ho.ua/highslide/images/thumbs/fenix-kyp.jpg]
[letsdance.ho.ua/highslide/images/large/f163__.jpg]
[letsdance.ho.ua/highslide/images/thumbs/f163__.jpg]
[letsdance.ho.ua/highslide/images/large/Talisman10.jpg]
[letsdance.ho.ua/highslide/images/thumbs/Talisman10.jpg]
[letsdance.ho.ua/highslide/images/large/Talisman57.jpg]
[letsdance.ho.ua/highslide/images/thumbs/Talisman57.jpg]
[letsdance.ho.ua/highslide/images/large/Talisman56.jpg]
[letsdance.ho.ua/highslide/images/thumbs/Talisman56.jpg]
[letsdance.ho.ua/12.html]
[letsdance.ho.ua/highslide/images/large/Talisman52.jpg]
[letsdance.ho.ua/highslide/images/thumbs/Talisman52.jpg]
[letsdance.ho.ua/highslide/images/large/Talisman50.jpg]
[letsdance.ho.ua/highslide/images/thumbs/Talisman50.jpg]
[letsdance.ho.ua/highslide/images/large/Talisman010.jpg]
[letsdance.ho.ua/highslide/images/thumbs/Talisman010.jpg]
[letsdance.ho.ua/highslide/images/large/Talisman04.jpg]
[letsdance.ho.ua/highslide/images/thumbs/Talisman04.jpg]
[letsdance.ho.ua/highslide/images/large/Talisman51.jpg]
[letsdance.ho.ua/highslide/images/thumbs/Talisman51.jpg]
[letsdance.ho.ua/highslide/images/large/Talisman06.jpg]
[letsdance.ho.ua/highslide/images/thumbs/Talisman06.jpg]
[letsdance.ho.ua/highslide/images/large/Talisman53.jpg]
[letsdance.ho.ua/highslide/images/thumbs/Talisman53.jpg]
[letsdance.ho.ua/highslide/images/large/Talisman07.jpg]
[letsdance.ho.ua/highslide/images/thumbs/Talisman07.jpg]
[letsdance.ho.ua/highslide/images/large/Talisman3.jpg]
[letsdance.ho.ua/highslide/images/thumbs/Talisman3.jpg]
[letsdance.ho.ua/highslide/images/large/F57164.jpg]
[letsdance.ho.ua/highslide/images/thumbs/F57164.jpg]
[letsdance.ho.ua/highslide/images/large/F5960St140.jpg]
[letsdance.ho.ua/highslide/images/thumbs/F5960St140.jpg]
[letsdance.ho.ua/highslide/images/large/F124St158.jpg]
[letsdance.ho.ua/highslide/images/thumbs/F124St158.jpg]
[letsdance.ho.ua/highslide/images/large/F877.jpg]
[letsdance.ho.ua/highslide/images/thumbs/F877.jpg]
[letsdance.ho.ua/highslide/images/large/F461.jpg]
[letsdance.ho.ua/highslide/images/thumbs/F461.jpg]
[letsdance.ho.ua/highslide/images/large/F29108.jpg]
[letsdance.ho.ua/highslide/images/thumbs/F29108.jpg]
[letsdance.ho.ua/highslide/images/large/F_-1331168.jpg]
[letsdance.ho.ua/highslide/images/thumbs/F_-1331168.jpg]
[letsdance.ho.ua/highslide/images/large/F110125.jpg]
[letsdance.ho.ua/highslide/images/thumbs/F110125.jpg]
[letsdance.ho.ua/highslide/images/large/F7313.jpg]
[letsdance.ho.ua/highslide/images/thumbs/F7313.jpg]
[letsdance.ho.ua/highslide/images/large/F94standart93.jpg]
[letsdance.ho.ua/highslide/images/thumbs/F94standart93.jpg]
[letsdance.ho.ua/highslide/images/large/F141140.jpg]
[letsdance.ho.ua/highslide/images/thumbs/F141140.jpg]
[letsdance.ho.ua/highslide/images/large/F124134.jpg]
[letsdance.ho.ua/highslide/images/thumbs/F124134.jpg]
[letsdance.ho.ua/highslide/images/large/F6086.jpg]
[letsdance.ho.ua/highslide/images/thumbs/F6086.jpg]
[letsdance.ho.ua/highslide/images/large/F1122.jpg]
[letsdance.ho.ua/highslide/images/thumbs/F1122.jpg]
[letsdance.ho.ua/highslide/images/large/F15525.jpg]
[letsdance.ho.ua/highslide/images/thumbs/F15525.jpg]
[letsdance.ho.ua/13.html]
[letsdance.ho.ua/highslide/images/large/Talisman47.jpg]
[letsdance.ho.ua/highslide/images/thumbs/Talisman47.jpg]
[letsdance.ho.ua/highslide/images/large/Talisman40.jpg]
[letsdance.ho.ua/highslide/images/thumbs/Talisman40.jpg]
[letsdance.ho.ua/highslide/images/large/Talisman39.jpg]
[letsdance.ho.ua/highslide/images/thumbs/Talisman39.jpg]
[letsdance.ho.ua/highslide/images/large/Talisman33.jpg]
[letsdance.ho.ua/highslide/images/thumbs/Talisman33.jpg]
[letsdance.ho.ua/highslide/images/large/Talisman36.jpg]
[letsdance.ho.ua/highslide/images/thumbs/Talisman36.jpg]
[letsdance.ho.ua/highslide/images/large/Talisman32.jpg]
[letsdance.ho.ua/highslide/images/thumbs/Talisman32.jpg]
[letsdance.ho.ua/highslide/images/large/Talisman34.jpg]
[letsdance.ho.ua/highslide/images/thumbs/Talisman34.jpg]
[letsdance.ho.ua/highslide/images/large/Talisman37.jpg]
[letsdance.ho.ua/highslide/images/thumbs/Talisman37.jpg]
[letsdance.ho.ua/highslide/images/large/f20330-48.jpg]
[letsdance.ho.ua/highslide/images/thumbs/f20330-48.jpg]
[letsdance.ho.ua/highslide/images/large/f20436-48-.jpg]
[letsdance.ho.ua/highslide/images/thumbs/f20436-48-.jpg]
[letsdance.ho.ua/highslide/images/large/f5030-48-.jpg]
[letsdance.ho.ua/highslide/images/thumbs/f5030-48-.jpg]
[letsdance.ho.ua/highslide/images/large/f15230-48-.jpg]
[letsdance.ho.ua/highslide/images/thumbs/f15230-48-.jpg]
[letsdance.ho.ua/highslide/images/large/f2334-46.jpg]
[letsdance.ho.ua/highslide/images/thumbs/f2334-46.jpg]
[letsdance.ho.ua/highslide/images/large/f7130-48-.jpg]
[letsdance.ho.ua/highslide/images/thumbs/f7130-48-.jpg]
[letsdance.ho.ua/highslide/images/large/f14330-48.jpg]
[letsdance.ho.ua/highslide/images/thumbs/f14330-48.jpg]
[letsdance.ho.ua/highslide/images/large/f157130-48.jpg]
[letsdance.ho.ua/highslide/images/thumbs/f157130-48.jpg]
[letsdance.ho.ua/highslide/images/large/f20132-48-.jpg]
[letsdance.ho.ua/highslide/images/thumbs/f20132-48-.jpg]
[letsdance.ho.ua/14.html]
[letsdance.ho.ua/highslide/images/large/f__601.jpg]
[letsdance.ho.ua/highslide/images/thumbs/f__601.jpg]
[letsdance.ho.ua/highslide/images/large/f10.jpg]
[letsdance.ho.ua/highslide/images/thumbs/f10.jpg]
[letsdance.ho.ua/highslide/images/large/f__60332-48.jpg]
[letsdance.ho.ua/highslide/images/thumbs/f__60332-48.jpg]
[letsdance.ho.ua/highslide/images/large/f__12630-48.jpg]
[letsdance.ho.ua/highslide/images/thumbs/f__12630-48.jpg]
[letsdance.ho.ua/highslide/images/large/f__60232-48.jpg]
[letsdance.ho.ua/highslide/images/thumbs/f__60232-48.jpg]
[letsdance.ho.ua/highslide/images/large/f__60030-48.jpg]
[letsdance.ho.ua/highslide/images/thumbs/f__60030-48.jpg]
[letsdance.ho.ua/15.html]
[letsdance.ho.ua/highslide/images/large/Talisman014.jpg]
[letsdance.ho.ua/highslide/images/thumbs/Talisman014.jpg]
[letsdance.ho.ua/highslide/images/large/Talisman015.jpg]
[letsdance.ho.ua/16.html]
[letsdance.ho.ua/highslide/images/thumbs/Talisman015.jpg]
[letsdance.ho.ua/highslide/images/large/Baletki_black_vstavka.jpg]
[letsdance.ho.ua/highslide/images/thumbs/Baletki_black_vstavka.jpg]
[letsdance.ho.ua/highslide/images/large/Baletki_white.jpg]
[letsdance.ho.ua/highslide/images/thumbs/Baletki_white.jpg]
[letsdance.ho.ua/highslide/images/large/dsc02510101022.jpg]
[letsdance.ho.ua/highslide/images/thumbs/dsc02510101022.jpg]
[letsdance.ho.ua/highslide/images/large/dsc02503101022.jpg]
[letsdance.ho.ua/highslide/images/thumbs/dsc02503101022.jpg]
[letsdance.ho.ua/highslide/images/large/Egypt_shoes_gold.jpg]
[letsdance.ho.ua/highslide/images/thumbs/Egypt_shoes_gold.jpg]
[letsdance.ho.ua/highslide/images/large/Egypt_shoes_silver.jpg]
[letsdance.ho.ua/highslide/images/thumbs/Egypt_shoes_silver.jpg]
[letsdance.ho.ua/17.html]
[letsdance.ho.ua/highslide/images/large/858-02.jpg]
[letsdance.ho.ua/highslide/images/thumbs/858-02.jpg]
[letsdance.ho.ua/highslide/images/large/858-01.jpg]
[letsdance.ho.ua/highslide/images/thumbs/858-01.jpg]
[letsdance.ho.ua/highslide/images/large/858-10.jpg]
[letsdance.ho.ua/highslide/images/thumbs/858-10.jpg]
[letsdance.ho.ua/highslide/images/large/858-03.jpg]
[letsdance.ho.ua/highslide/images/thumbs/858-03.jpg]
[letsdance.ho.ua/highslide/images/large/858-04.jpg]
[letsdance.ho.ua/highslide/images/thumbs/858-04.jpg]
[letsdance.ho.ua/highslide/images/large/858-09.jpg]
[letsdance.ho.ua/highslide/images/thumbs/858-09.jpg]
[letsdance.ho.ua/highslide/images/large/858-11.jpg]
[letsdance.ho.ua/highslide/images/thumbs/858-11.jpg]
[letsdance.ho.ua/highslide/images/large/858-08.jpg]
[letsdance.ho.ua/highslide/images/thumbs/858-08.jpg]
[letsdance.ho.ua/highslide/images/large/858-05.jpg]
[letsdance.ho.ua/highslide/images/thumbs/858-05.jpg]
[letsdance.ho.ua/highslide/images/large/858-07.jpg]
[letsdance.ho.ua/highslide/images/thumbs/858-07.jpg]
[letsdance.ho.ua/highslide/images/large/858-06.jpg]
[letsdance.ho.ua/highslide/images/thumbs/858-06.jpg]
[letsdance.ho.ua/highslide/images/large/858-25.jpg]
[letsdance.ho.ua/highslide/images/thumbs/858-25.jpg]
[letsdance.ho.ua/highslide/images/large/858-27.jpg]
[letsdance.ho.ua/highslide/images/thumbs/858-27.jpg]
[letsdance.ho.ua/highslide/images/large/858-12.jpg]
[letsdance.ho.ua/highslide/images/thumbs/858-12.jpg]
[letsdance.ho.ua/highslide/images/large/858-15.jpg]
[letsdance.ho.ua/highslide/images/thumbs/858-15.jpg]
[letsdance.ho.ua/highslide/images/large/858-13.jpg]
[letsdance.ho.ua/highslide/images/thumbs/858-13.jpg]
[letsdance.ho.ua/highslide/images/large/858-18.jpg]
[letsdance.ho.ua/highslide/images/thumbs/858-18.jpg]
[letsdance.ho.ua/highslide/images/large/858-19.jpg]
[letsdance.ho.ua/highslide/images/thumbs/858-19.jpg]
[letsdance.ho.ua/highslide/images/large/858-14.jpg]
[letsdance.ho.ua/highslide/images/thumbs/858-14.jpg]
[letsdance.ho.ua/highslide/images/large/858-16.jpg]
[letsdance.ho.ua/highslide/images/thumbs/858-16.jpg]
[letsdance.ho.ua/highslide/images/large/858-20.jpg]
[letsdance.ho.ua/highslide/images/thumbs/858-20.jpg]
[letsdance.ho.ua/highslide/images/large/858-17.jpg]
[letsdance.ho.ua/highslide/images/thumbs/858-17.jpg]
[letsdance.ho.ua/highslide/images/large/858-22.jpg]
[letsdance.ho.ua/highslide/images/thumbs/858-22.jpg]
[letsdance.ho.ua/highslide/images/large/858-23.jpg]
[letsdance.ho.ua/highslide/images/thumbs/858-23.jpg]
[letsdance.ho.ua/highslide/images/large/858-24.jpg]
[letsdance.ho.ua/highslide/images/thumbs/858-24.jpg]
[letsdance.ho.ua/highslide/images/large/858-26.jpg]
[letsdance.ho.ua/highslide/images/thumbs/858-26.jpg]
[letsdance.ho.ua/highslide/images/large/858-28.jpg]
[letsdance.ho.ua/highslide/images/thumbs/858-28.jpg]
[letsdance.ho.ua/highslide/images/large/858-29.jpg]
[letsdance.ho.ua/highslide/images/thumbs/858-29.jpg]
[letsdance.ho.ua/highslide/images/large/858-30.jpg]
[letsdance.ho.ua/highslide/images/thumbs/858-30.jpg]
[letsdance.ho.ua/highslide/images/large/858-31.jpg]
[letsdance.ho.ua/highslide/images/thumbs/858-31.jpg]
[letsdance.ho.ua/highslide/images/large/858-32.jpg]
[letsdance.ho.ua/highslide/images/thumbs/858-32.jpg]
[letsdance.ho.ua/highslide/images/large/858-34.jpg]
[letsdance.ho.ua/highslide/images/thumbs/858-34.jpg]
[letsdance.ho.ua/highslide/images/large/858-33.jpg]
[letsdance.ho.ua/highslide/images/thumbs/858-33.jpg]
[letsdance.ho.ua/highslide/images/large/858-35.jpg]
[letsdance.ho.ua/highslide/images/thumbs/858-35.jpg]
[letsdance.ho.ua/highslide/images/large/858-37.jpg]
[letsdance.ho.ua/highslide/images/thumbs/858-37.jpg]
[letsdance.ho.ua/highslide/images/large/858-36.jpg]
[letsdance.ho.ua/highslide/images/thumbs/858-36.jpg]
[letsdance.ho.ua/highslide/images/large/858-38.jpg]
[letsdance.ho.ua/highslide/images/thumbs/858-38.jpg]
[letsdance.ho.ua/highslide/images/large/858-39.jpg]
[letsdance.ho.ua/highslide/images/thumbs/858-39.jpg]
[letsdance.ho.ua/18.html]
[letsdance.ho.ua/highslide/images/large/876-03.jpg]
[letsdance.ho.ua/highslide/images/thumbs/876-03.jpg]
[letsdance.ho.ua/highslide/images/large/876-07.jpg]
[letsdance.ho.ua/highslide/images/thumbs/876-07.jpg]
[letsdance.ho.ua/highslide/images/large/876-08.jpg]
[letsdance.ho.ua/highslide/images/thumbs/876-08.jpg]
[letsdance.ho.ua/highslide/images/large/876-09.jpg]
[letsdance.ho.ua/highslide/images/thumbs/876-09.jpg]
[letsdance.ho.ua/highslide/images/large/876-11.jpg]
[letsdance.ho.ua/highslide/images/thumbs/876-11.jpg]
[letsdance.ho.ua/highslide/images/large/876-15.jpg]
[letsdance.ho.ua/highslide/images/thumbs/876-15.jpg]
[letsdance.ho.ua/highslide/images/large/876-10.jpg]
[letsdance.ho.ua/highslide/images/thumbs/876-10.jpg]
[letsdance.ho.ua/highslide/images/large/876-13.jpg]
[letsdance.ho.ua/highslide/images/thumbs/876-13.jpg]
[letsdance.ho.ua/highslide/images/large/876-12.jpg]
[letsdance.ho.ua/highslide/images/thumbs/876-12.jpg]
[letsdance.ho.ua/highslide/images/large/876-14.jpg]
[letsdance.ho.ua/highslide/images/thumbs/876-14.jpg]
[letsdance.ho.ua/highslide/images/large/876-21.jpg]
[letsdance.ho.ua/highslide/images/thumbs/876-21.jpg]
[letsdance.ho.ua/highslide/images/large/876-22.jpg]
[letsdance.ho.ua/highslide/images/thumbs/876-22.jpg]
[letsdance.ho.ua/highslide/images/large/876-23.jpg]
[letsdance.ho.ua/highslide/images/thumbs/876-23.jpg]
[letsdance.ho.ua/highslide/images/large/876-17.jpg]
[letsdance.ho.ua/highslide/images/thumbs/876-17.jpg]
[letsdance.ho.ua/highslide/images/large/876-16.jpg]
[letsdance.ho.ua/highslide/images/thumbs/876-16.jpg]
[letsdance.ho.ua/highslide/images/large/876-18.jpg]
[letsdance.ho.ua/highslide/images/thumbs/876-18.jpg]
[letsdance.ho.ua/highslide/images/large/876-19.jpg]
[letsdance.ho.ua/highslide/images/thumbs/876-19.jpg]
[letsdance.ho.ua/highslide/images/large/876-06.jpg]
[letsdance.ho.ua/highslide/images/thumbs/876-06.jpg]
[letsdance.ho.ua/highslide/images/large/876-04.jpg]
[letsdance.ho.ua/highslide/images/thumbs/876-04.jpg]
[letsdance.ho.ua/highslide/images/large/876-26.jpg]
[letsdance.ho.ua/highslide/images/thumbs/876-26.jpg]
[letsdance.ho.ua/highslide/images/large/876-25.jpg]
[letsdance.ho.ua/highslide/images/thumbs/876-25.jpg]
[letsdance.ho.ua/highslide/images/large/876-27.jpg]
[letsdance.ho.ua/highslide/images/thumbs/876-27.jpg]
[letsdance.ho.ua/highslide/images/large/876-05.jpg]
[letsdance.ho.ua/highslide/images/thumbs/876-05.jpg]
[letsdance.ho.ua/highslide/images/large/876-02.jpg]
[letsdance.ho.ua/highslide/images/thumbs/876-02.jpg]
[letsdance.ho.ua/highslide/images/large/876-24.jpg]
[letsdance.ho.ua/highslide/images/thumbs/876-24.jpg]
[letsdance.ho.ua/highslide/images/large/876-01.jpg]
[letsdance.ho.ua/highslide/images/thumbs/876-01.jpg]
[letsdance.ho.ua/highslide/images/large/876-20.jpg]
[letsdance.ho.ua/highslide/images/thumbs/876-20.jpg]
[letsdance.ho.ua/19.html]
[letsdance.ho.ua/highslide/images/large/734-01b.jpg]
[letsdance.ho.ua/highslide/images/thumbs/734-01b.jpg]
[letsdance.ho.ua/highslide/images/large/734-02b.jpg]
[letsdance.ho.ua/highslide/images/thumbs/734-02b.jpg]
[letsdance.ho.ua/highslide/images/large/734-03b.jpg]
[letsdance.ho.ua/highslide/images/thumbs/734-03b.jpg]
[letsdance.ho.ua/highslide/images/large/734-04b.jpg]
[letsdance.ho.ua/highslide/images/thumbs/734-04b.jpg]
[letsdance.ho.ua/highslide/images/large/734-05b.jpg]
[letsdance.ho.ua/highslide/images/thumbs/734-05b.jpg]
[letsdance.ho.ua/highslide/images/large/734-06b.jpg]
[letsdance.ho.ua/highslide/images/thumbs/734-06b.jpg]
[letsdance.ho.ua/highslide/images/large/734-07b.jpg]
[letsdance.ho.ua/highslide/images/thumbs/734-07b.jpg]
[letsdance.ho.ua/highslide/images/large/734-08b.jpg]
[letsdance.ho.ua/highslide/images/thumbs/734-08b.jpg]
[letsdance.ho.ua/highslide/images/large/734-09b.jpg]
[letsdance.ho.ua/highslide/images/thumbs/734-09b.jpg]
[letsdance.ho.ua/highslide/images/large/734-10b.jpg]
[letsdance.ho.ua/highslide/images/thumbs/734-10b.jpg]
[letsdance.ho.ua/highslide/images/large/734-11b.jpg]
[letsdance.ho.ua/highslide/images/thumbs/734-11b.jpg]
[letsdance.ho.ua/highslide/images/large/734-12b.jpg]
[letsdance.ho.ua/highslide/images/thumbs/734-12b.jpg]
[letsdance.ho.ua/highslide/images/large/734-13b.jpg]
[letsdance.ho.ua/highslide/images/thumbs/734-13b.jpg]
[letsdance.ho.ua/highslide/images/large/734-14b.jpg]
[letsdance.ho.ua/highslide/images/thumbs/734-14b.jpg]
[letsdance.ho.ua/highslide/images/large/734-16b.jpg]
[letsdance.ho.ua/highslide/images/thumbs/734-16b.jpg]
[letsdance.ho.ua/highslide/images/large/734-17b.jpg]
[letsdance.ho.ua/highslide/images/thumbs/734-17b.jpg]
[letsdance.ho.ua/highslide/images/large/734-15b.jpg]
[letsdance.ho.ua/highslide/images/thumbs/734-15b.jpg]
[letsdance.ho.ua/highslide/images/large/734-18b.jpg]
[letsdance.ho.ua/highslide/images/thumbs/734-18b.jpg]
[letsdance.ho.ua/highslide/images/large/734-19b.jpg]
[letsdance.ho.ua/highslide/images/thumbs/734-19b.jpg]
[letsdance.ho.ua/highslide/images/large/734-20b.jpg]
[letsdance.ho.ua/highslide/images/thumbs/734-20b.jpg]
[letsdance.ho.ua/highslide/images/large/734-21b.jpg]
[letsdance.ho.ua/highslide/images/thumbs/734-21b.jpg]
[letsdance.ho.ua/highslide/images/large/734-22b.jpg]
[letsdance.ho.ua/highslide/images/thumbs/734-22b.jpg]
[letsdance.ho.ua/highslide/images/large/734-23b.jpg]
[letsdance.ho.ua/highslide/images/thumbs/734-23b.jpg]
[letsdance.ho.ua/highslide/images/large/734-24b.jpg]
[letsdance.ho.ua/highslide/images/thumbs/734-24b.jpg]
[letsdance.ho.ua/highslide/images/large/734-25b.jpg]
[letsdance.ho.ua/highslide/images/thumbs/734-25b.jpg]
[letsdance.ho.ua/highslide/images/large/734-26b.jpg]
[letsdance.ho.ua/highslide/images/thumbs/734-26b.jpg]
[letsdance.ho.ua/highslide/images/large/734-27b.jpg]
[letsdance.ho.ua/highslide/images/thumbs/734-27b.jpg]
[letsdance.ho.ua/highslide/images/large/734-28b.jpg]
[letsdance.ho.ua/highslide/images/thumbs/734-28b.jpg]
[letsdance.ho.ua/highslide/images/large/734-29b.jpg]
[letsdance.ho.ua/highslide/images/thumbs/734-29b.jpg]
[letsdance.ho.ua/highslide/images/large/734-30b.jpg]
[letsdance.ho.ua/highslide/images/thumbs/734-30b.jpg]
[letsdance.ho.ua/highslide/images/large/734-31b.jpg]
[letsdance.ho.ua/highslide/images/thumbs/734-31b.jpg]
[letsdance.ho.ua/highslide/images/large/734-32b.jpg]
[letsdance.ho.ua/highslide/images/thumbs/734-32b.jpg]
[letsdance.ho.ua/highslide/images/large/734-33b.jpg]
[letsdance.ho.ua/highslide/images/thumbs/734-33b.jpg]
[letsdance.ho.ua/highslide/images/large/734-34b.jpg]
[letsdance.ho.ua/highslide/images/thumbs/734-34b.jpg]
[letsdance.ho.ua/highslide/images/large/734-40b.jpg]
[letsdance.ho.ua/highslide/images/thumbs/734-40b.jpg]
[letsdance.ho.ua/highslide/images/large/734-35b.jpg]
[letsdance.ho.ua/highslide/images/thumbs/734-35b.jpg]
[letsdance.ho.ua/highslide/images/large/734-36b.jpg]
[letsdance.ho.ua/highslide/images/thumbs/734-36b.jpg]
[letsdance.ho.ua/highslide/images/large/734-37b.jpg]
[letsdance.ho.ua/highslide/images/thumbs/734-37b.jpg]
[letsdance.ho.ua/highslide/images/large/734-38b.jpg]
[letsdance.ho.ua/highslide/images/thumbs/734-38b.jpg]
[letsdance.ho.ua/highslide/images/large/734-39b.jpg]
[letsdance.ho.ua/highslide/images/thumbs/734-39b.jpg]
[letsdance.ho.ua/highslide/images/large/734-41b.jpg]
[letsdance.ho.ua/highslide/images/thumbs/734-41b.jpg]
[letsdance.ho.ua/highslide/images/large/734-42b.jpg]
[letsdance.ho.ua/highslide/images/thumbs/734-42b.jpg]
[letsdance.ho.ua/highslide/images/large/734-43b.jpg]
[letsdance.ho.ua/highslide/images/thumbs/734-43b.jpg]
[letsdance.ho.ua/highslide/images/large/734-44b.jpg]
[letsdance.ho.ua/highslide/images/thumbs/734-44b.jpg]
[letsdance.ho.ua/highslide/images/large/734-45b.jpg]
[letsdance.ho.ua/highslide/images/thumbs/734-45b.jpg]
[letsdance.ho.ua/highslide/images/large/734-46b.jpg]
[letsdance.ho.ua/highslide/images/thumbs/734-46b.jpg]
[letsdance.ho.ua/highslide/images/large/734-47b.jpg]
[letsdance.ho.ua/highslide/images/thumbs/734-47b.jpg]
[letsdance.ho.ua/highslide/images/large/734-48b.jpg]
[letsdance.ho.ua/highslide/images/thumbs/734-48b.jpg]
[letsdance.ho.ua/highslide/images/large/734-49b.jpg]
[letsdance.ho.ua/highslide/images/thumbs/734-49b.jpg]
[letsdance.ho.ua/highslide/images/large/734-50b.jpg]
[letsdance.ho.ua/highslide/images/thumbs/734-50b.jpg]
[letsdance.ho.ua/highslide/images/large/734-51b.jpg]
[letsdance.ho.ua/highslide/images/thumbs/734-51b.jpg]
[letsdance.ho.ua/highslide/images/large/734-52b.jpg]
[letsdance.ho.ua/highslide/images/thumbs/734-52b.jpg]
[letsdance.ho.ua/highslide/images/large/734-53b.jpg]
[letsdance.ho.ua/highslide/images/thumbs/734-53b.jpg]
[letsdance.ho.ua/highslide/images/large/734-54b.jpg]
[letsdance.ho.ua/highslide/images/thumbs/734-54b.jpg]
[letsdance.ho.ua/highslide/images/large/734-55b.jpg]
[letsdance.ho.ua/highslide/images/thumbs/734-55b.jpg]
[letsdance.ho.ua/highslide/images/large/734-56b.jpg]
[letsdance.ho.ua/highslide/images/thumbs/734-56b.jpg]
[letsdance.ho.ua/highslide/images/large/734-57b.jpg]
[letsdance.ho.ua/highslide/images/thumbs/734-57b.jpg]
[letsdance.ho.ua/highslide/images/large/734-58b.jpg]
[letsdance.ho.ua/highslide/images/thumbs/734-58b.jpg]
[letsdance.ho.ua/highslide/images/large/734-59b.jpg]
[letsdance.ho.ua/highslide/images/thumbs/734-59b.jpg]
[letsdance.ho.ua/20.html]
[letsdance.ho.ua/highslide/images/large/920-01b.jpg]
[letsdance.ho.ua/highslide/images/thumbs/920-01b.jpg]
[letsdance.ho.ua/highslide/images/large/920-02b.jpg]
[letsdance.ho.ua/highslide/images/thumbs/920-02b.jpg]
[letsdance.ho.ua/highslide/images/large/920-03b.jpg]
[letsdance.ho.ua/highslide/images/thumbs/920-03b.jpg]
[letsdance.ho.ua/highslide/images/large/920-04b.jpg]
[letsdance.ho.ua/highslide/images/thumbs/920-04b.jpg]
[letsdance.ho.ua/highslide/images/large/920-05b.jpg]
[letsdance.ho.ua/highslide/images/thumbs/920-05b.jpg]
[letsdance.ho.ua/highslide/images/large/920-06b.jpg]
[letsdance.ho.ua/highslide/images/thumbs/920-06b.jpg]
[letsdance.ho.ua/highslide/images/large/920-07b.jpg]
[letsdance.ho.ua/highslide/images/thumbs/920-07b.jpg]
[letsdance.ho.ua/highslide/images/large/920-08b.jpg]
[letsdance.ho.ua/highslide/images/thumbs/920-08b.jpg]
[letsdance.ho.ua/highslide/images/large/920-09b.jpg]
[letsdance.ho.ua/highslide/images/thumbs/920-09b.jpg]
[letsdance.ho.ua/highslide/images/large/920-10b.jpg]
[letsdance.ho.ua/highslide/images/thumbs/920-10b.jpg]
[letsdance.ho.ua/highslide/images/large/920-11b.jpg]
[letsdance.ho.ua/highslide/images/thumbs/920-11b.jpg]
[letsdance.ho.ua/21.html]
[letsdance.ho.ua/highslide/images/large/605-02b.jpg]
[letsdance.ho.ua/highslide/images/thumbs/605-02b.jpg]
[letsdance.ho.ua/highslide/images/large/605-07b.jpg]
[letsdance.ho.ua/highslide/images/thumbs/605-07b.jpg]
[letsdance.ho.ua/highslide/images/large/605-03b.jpg]
[letsdance.ho.ua/highslide/images/thumbs/605-03b.jpg]
[letsdance.ho.ua/highslide/images/large/605-05b.jpg]
[letsdance.ho.ua/highslide/images/thumbs/605-05b.jpg]
[letsdance.ho.ua/highslide/images/large/605-04b.jpg]
[letsdance.ho.ua/highslide/images/thumbs/605-04b.jpg]
[letsdance.ho.ua/highslide/images/large/605-01b.jpg]
[letsdance.ho.ua/highslide/images/thumbs/605-01b.jpg]
[letsdance.ho.ua/highslide/images/large/605-08b.jpg]
[letsdance.ho.ua/highslide/images/thumbs/605-08b.jpg]
[letsdance.ho.ua/highslide/images/large/605-06b.jpg]
[letsdance.ho.ua/highslide/images/thumbs/605-06b.jpg]
[letsdance.ho.ua/22.html]
[letsdance.ho.ua/highslide/images/large/934-01b.jpg]
[letsdance.ho.ua/highslide/images/thumbs/934-01b.jpg]
[letsdance.ho.ua/highslide/images/large/934-02b.jpg]
[letsdance.ho.ua/highslide/images/thumbs/934-02b.jpg]
[letsdance.ho.ua/highslide/images/large/934-03b.jpg]
[letsdance.ho.ua/highslide/images/thumbs/934-03b.jpg]
[letsdance.ho.ua/highslide/images/large/934-04b.jpg]
[letsdance.ho.ua/highslide/images/thumbs/934-04b.jpg]
[letsdance.ho.ua/highslide/images/large/934-07b.jpg]
[letsdance.ho.ua/highslide/images/thumbs/934-07b.jpg]
[letsdance.ho.ua/highslide/images/large/934-08b.jpg]
[letsdance.ho.ua/highslide/images/thumbs/934-08b.jpg]
[letsdance.ho.ua/highslide/images/large/934-09b.jpg]
[letsdance.ho.ua/highslide/images/thumbs/934-09b.jpg]
[letsdance.ho.ua/highslide/images/large/934-10b.jpg]
[letsdance.ho.ua/highslide/images/thumbs/934-10b.jpg]
[letsdance.ho.ua/highslide/images/large/934-06b.jpg]
[letsdance.ho.ua/highslide/images/thumbs/934-06b.jpg]
[letsdance.ho.ua/highslide/images/large/934-05b.jpg]
[letsdance.ho.ua/highslide/images/thumbs/934-05b.jpg]
[letsdance.ho.ua/highslide/images/large/912-09b.jpg]
[letsdance.ho.ua/highslide/images/thumbs/912-09b.jpg]
[letsdance.ho.ua/highslide/images/large/912-10b.jpg]
[letsdance.ho.ua/highslide/images/thumbs/912-10b.jpg]
[letsdance.ho.ua/highslide/images/large/912-08b.jpg]
[letsdance.ho.ua/highslide/images/thumbs/912-08b.jpg]
[letsdance.ho.ua/highslide/images/large/912-07b.jpg]
[letsdance.ho.ua/highslide/images/thumbs/912-07b.jpg]
[letsdance.ho.ua/highslide/images/large/912-03b.jpg]
[letsdance.ho.ua/highslide/images/thumbs/912-03b.jpg]
[letsdance.ho.ua/highslide/images/large/912-04b.jpg]
[letsdance.ho.ua/highslide/images/thumbs/912-04b.jpg]
[letsdance.ho.ua/highslide/images/large/912-06b.jpg]
[letsdance.ho.ua/highslide/images/thumbs/912-06b.jpg]
[letsdance.ho.ua/highslide/images/large/912-05b.jpg]
[letsdance.ho.ua/highslide/images/thumbs/912-05b.jpg]
[letsdance.ho.ua/highslide/images/large/912-01b.jpg]
[letsdance.ho.ua/highslide/images/thumbs/912-01b.jpg]
[letsdance.ho.ua/highslide/images/large/912-02b.jpg]
[letsdance.ho.ua/highslide/images/thumbs/912-02b.jpg]
[letsdance.ho.ua/23.html]
[letsdance.ho.ua/24.html]
[letsdance.ho.ua/25.html]
[letsdance.ho.ua/astratop=1; path=/index.html]
[letsdance.ho.ua/highslide/graphics/fullexpand.gif]
[letsdance.ho.ua/highslide/graphics/loader.white.gif]
[letsdance.ho.ua/highslide/graphics/close.png]
[letsdance.ho.ua/highslide/graphics/controlbar-white.gif]
[letsdance.ho.ua/highslide/graphics/resize.gif]
[letsdance.ho.ua/highslide/graphics/closeX.png]
[letsdance.ho.ua/highslide/graphics/controlbar-black-border.gif]
[letsdance.ho.ua/highslide/graphics/icon.gif]
[letsdance.ho.ua/highslide/graphics/controlbar-white-small.gif]
[letsdance.ho.ua/highslide/graphics/controlbar-text-buttons.png]
[letsdance.ho.ua/highslide/graphics/scrollarrows.png]
[letsdance.ho.ua/highslide/highslide.css]
[letsdance.ho.ua/highslide/images/large/006.html]
[letsdance.ho.ua/highslide/images/thumbs/006.html]
[letsdance.ho.ua/highslide/images/large/_________________4d1b2ac62b9d4.jpg]
[letsdance.ho.ua/highslide/images/thumbs/_________________4d1b2ac62b9d4.jpg]
[letsdance.ho.ua/highslide/images/large/_________________4d1b163e31c42.jpg]
[letsdance.ho.ua/highslide/images/thumbs/_________________4d1b163e31c42.jpg]
[letsdance.ho.ua/highslide/images/large/_________________4e538bb4ad02b.jpg]
[letsdance.ho.ua/highslide/images/thumbs/_________________4e538bb4ad02b.jpg]
[letsdance.ho.ua/highslide/images/large/_________________4d1b26904c9b8.jpg]
[letsdance.ho.ua/highslide/images/thumbs/_________________4d1b26904c9b8.jpg]
[letsdance.ho.ua/highslide/images/large/_________________4d64ddd51bba2.jpg]
[letsdance.ho.ua/highslide/images/thumbs/_________________4d64ddd51bba2.jpg]
[letsdance.ho.ua/highslide/images/large/_________________4d1b1e6006541.jpg]
[letsdance.ho.ua/highslide/images/thumbs/_________________4d1b1e6006541.jpg]
[letsdance.ho.ua/highslide/images/large/_________________4e4a4886182cd.jpg]
[letsdance.ho.ua/highslide/images/thumbs/_________________4e4a4886182cd.jpg]
[letsdance.ho.ua/highslide/images/large/_________________4c540eed84629.jpg]
[letsdance.ho.ua/highslide/images/thumbs/_________________4c540eed84629.jpg]
[letsdance.ho.ua/highslide/images/large/_________________4d1b2a947692b.jpg]
[letsdance.ho.ua/highslide/images/thumbs/_________________4d1b2a947692b.jpg]
[letsdance.ho.ua/highslide/images/large/__________BATMAN_4d64dd0c37525.jpg]
[letsdance.ho.ua/highslide/images/thumbs/__________BATMAN_4d64dd0c37525.jpg]
[letsdance.ho.ua/highslide/images/large/_________________4d1b333e0cee7.jpg]
[letsdance.ho.ua/highslide/images/thumbs/_________________4d1b333e0cee7.jpg]
[letsdance.ho.ua/highslide/images/large/_________________4c540845f2a40.jpg]
[letsdance.ho.ua/highslide/images/thumbs/_________________4c540845f2a40.jpg]
[letsdance.ho.ua/highslide/images/large/_________________4c540b91e54a2.jpg]
[letsdance.ho.ua/highslide/images/thumbs/_________________4c540b91e54a2.jpg]
[letsdance.ho.ua/highslide/images/large/_________________4d232f4d658ca.jpg]
[letsdance.ho.ua/highslide/images/thumbs/_________________4d232f4d658ca.jpg]
[letsdance.ho.ua/highslide/images/large/_________________4d1b1a673feac.jpg]
[letsdance.ho.ua/highslide/images/thumbs/_________________4d1b1a673feac.jpg]
[letsdance.ho.ua/highslide/images/large/_________________4d1b16d272b0d.jpg]
[letsdance.ho.ua/highslide/images/thumbs/_________________4d1b16d272b0d.jpg]
[letsdance.ho.ua/highslide/images/large/_________________4d1b1940cd946.jpg]
[letsdance.ho.ua/highslide/images/thumbs/_________________4d1b1940cd946.jpg]
[letsdance.ho.ua/highslide/images/large/_________________4d1b2b1d8caf8.jpg]
[letsdance.ho.ua/highslide/images/thumbs/_________________4d1b2b1d8caf8.jpg]
[letsdance.ho.ua/highslide/images/large/_________________4e4a481ed4b82.jpg]
[letsdance.ho.ua/highslide/images/thumbs/_________________4e4a481ed4b82.jpg]
[letsdance.ho.ua/highslide/images/large/_________________4d1b27869da50.jpg]
[letsdance.ho.ua/highslide/images/thumbs/_________________4d1b27869da50.jpg]
[letsdance.ho.ua/highslide/images/large/_________________4cef93ceae5f0.jpg]
[letsdance.ho.ua/highslide/images/thumbs/_________________4cef93ceae5f0.jpg]
[letsdance.ho.ua/highslide/images/large/_________________4cee6c03dda0b.jpg]
[letsdance.ho.ua/highslide/images/thumbs/_________________4cee6c03dda0b.jpg]
[letsdance.ho.ua/highslide/images/large/_________________4ec67db2f20a0.jpg]
[letsdance.ho.ua/highslide/images/thumbs/_________________4ec67db2f20a0.jpg]
[letsdance.ho.ua/highslide/images/large/_________________4cf3f3b40f99c.jpg]
[letsdance.ho.ua/highslide/images/thumbs/_________________4cf3f3b40f99c.jpg]
[letsdance.ho.ua/highslide/images/large/_________________4cf0ee97d961d.jpg]
[letsdance.ho.ua/highslide/images/thumbs/_________________4cf0ee97d961d.jpg]
[letsdance.ho.ua/highslide/images/large/_________________4cf0ea01cd4dd.jpg]
[letsdance.ho.ua/highslide/images/thumbs/_________________4cf0ea01cd4dd.jpg]
[letsdance.ho.ua/highslide/images/large/_________________4e4a3c64914ca.jpg]
[letsdance.ho.ua/highslide/images/thumbs/_________________4e4a3c64914ca.jpg]
[letsdance.ho.ua/highslide/images/large/_________________4cf0f14a6cb24.jpg]
[letsdance.ho.ua/highslide/images/thumbs/_________________4cf0f14a6cb24.jpg]
[letsdance.ho.ua/highslide/images/large/____________Batm_4c518cce2ffcc.jpg]
[letsdance.ho.ua/highslide/images/thumbs/____________Batm_4c518cce2ffcc.jpg]
[letsdance.ho.ua/highslide/images/large/_________________4b2a4cc1cf5cc.jpg]
[letsdance.ho.ua/highslide/images/thumbs/_________________4b2a4cc1cf5cc.jpg]
[letsdance.ho.ua/highslide/images/large/_________________4eba7e15cbd7d.jpg]
[letsdance.ho.ua/highslide/images/thumbs/_________________4eba7e15cbd7d.jpg]
[letsdance.ho.ua/highslide/images/large/_________________4e89b92363038.jpg]
[letsdance.ho.ua/highslide/images/thumbs/_________________4e89b92363038.jpg]
[letsdance.ho.ua/highslide/images/large/_________________4c5196460b22d.jpg]
[letsdance.ho.ua/highslide/images/thumbs/_________________4c5196460b22d.jpg]
[letsdance.ho.ua/highslide/images/large/_________________4cee76455e903.jpg]
[letsdance.ho.ua/highslide/images/thumbs/_________________4cee76455e903.jpg]
[letsdance.ho.ua/highslide/images/large/IMG_0437.jpg]
[letsdance.ho.ua/highslide/images/thumbs/IMG_0437.jpg]
[letsdance.ho.ua/highslide/images/large/IMG_0439.jpg]
[letsdance.ho.ua/highslide/images/thumbs/IMG_0439.jpg]
[letsdance.ho.ua/highslide/images/large/_________________4e8c6ba65485e.jpg]
[letsdance.ho.ua/highslide/images/thumbs/_________________4e8c6ba65485e.jpg]
[letsdance.ho.ua/highslide/images/large/_________________4e4bc0bf29b3f.jpg]
[letsdance.ho.ua/highslide/images/thumbs/_________________4e4bc0bf29b3f.jpg]
[letsdance.ho.ua/highslide/images/large/_________________4c5199edaa555.jpg]
[letsdance.ho.ua/highslide/images/thumbs/_________________4c5199edaa555.jpg]
[letsdance.ho.ua/highslide/images/large/_________________4c5199ac7d6ca.jpg]
[letsdance.ho.ua/highslide/images/thumbs/_________________4c5199ac7d6ca.jpg]
[letsdance.ho.ua/highslide/images/large/_________________4d34266672b5c.jpg]
[letsdance.ho.ua/highslide/images/thumbs/_________________4d34266672b5c.jpg]
[letsdance.ho.ua/highslide/images/large/_________________4e4d02dda9e25.jpg]
[letsdance.ho.ua/highslide/images/thumbs/_________________4e4d02dda9e25.jpg]
[letsdance.ho.ua/highslide/images/large/_________________4d2c6c49c02f7.jpg]
[letsdance.ho.ua/highslide/images/thumbs/_________________4d2c6c49c02f7.jpg]
[letsdance.ho.ua/26.html]
[letsdance.ho.ua/highslide/images/large/_________________4cf10ad55b49d.jpg]
[letsdance.ho.ua/highslide/images/thumbs/_________________4cf10ad55b49d.jpg]
[letsdance.ho.ua/highslide/images/large/_________________4c4ff0cd72e32.jpg]
[letsdance.ho.ua/highslide/images/thumbs/_________________4c4ff0cd72e32.jpg]
[letsdance.ho.ua/highslide/images/large/_________________4c4ff30bb74a4.jpg]
[letsdance.ho.ua/highslide/images/thumbs/_________________4c4ff30bb74a4.jpg]
[letsdance.ho.ua/highslide/images/large/_________________4e1fc7366ee86.jpg]
[letsdance.ho.ua/highslide/images/thumbs/_________________4e1fc7366ee86.jpg]
[letsdance.ho.ua/highslide/images/large/_________________4b2cc0ec02966.jpg]
[letsdance.ho.ua/highslide/images/thumbs/_________________4b2cc0ec02966.jpg]
[letsdance.ho.ua/highslide/images/large/_________________4c4fe778aeb3d.jpg]
[letsdance.ho.ua/highslide/images/thumbs/_________________4c4fe778aeb3d.jpg]
[letsdance.ho.ua/highslide/images/large/_________________4cf78cc2474c8.jpg]
[letsdance.ho.ua/highslide/images/thumbs/_________________4cf78cc2474c8.jpg]
[letsdance.ho.ua/highslide/images/large/_________________4c4fec2c4d010.jpg]
[letsdance.ho.ua/highslide/images/thumbs/_________________4c4fec2c4d010.jpg]
[letsdance.ho.ua/highslide/images/large/_________________4e71fb6db8634.jpg]
[letsdance.ho.ua/highslide/images/thumbs/_________________4e71fb6db8634.jpg]
[letsdance.ho.ua/highslide/images/large/_________________4b2cc6ad77f01.jpg]
[letsdance.ho.ua/highslide/images/thumbs/_________________4b2cc6ad77f01.jpg]
[letsdance.ho.ua/highslide/images/large/K208.jpg]
[letsdance.ho.ua/highslide/images/thumbs/K208.jpg]
[letsdance.ho.ua/highslide/images/large/AT046.jpg]
[letsdance.ho.ua/highslide/images/thumbs/AT046.jpg]
[letsdance.ho.ua/highslide/images/large/_________________4cf62b18b11da.jpg]
[letsdance.ho.ua/highslide/images/thumbs/_________________4cf62b18b11da.jpg]
[letsdance.ho.ua/highslide/images/large/_________________4cf40315f00b5.jpg]
[letsdance.ho.ua/highslide/images/thumbs/_________________4cf40315f00b5.jpg]
[letsdance.ho.ua/highslide/images/large/_________________4ea7cd7f77d5e.jpg]
[letsdance.ho.ua/highslide/images/thumbs/_________________4ea7cd7f77d5e.jpg]
[letsdance.ho.ua/highslide/images/large/_________________4cf402ef9ebd0.jpg]
[letsdance.ho.ua/highslide/images/thumbs/_________________4cf402ef9ebd0.jpg]
[letsdance.ho.ua/highslide/images/large/_________________4c53e8d0ea741.jpg]
[letsdance.ho.ua/highslide/images/thumbs/_________________4c53e8d0ea741.jpg]
[letsdance.ho.ua/highslide/images/large/_________________4c53e88ea168f.jpg]
[letsdance.ho.ua/highslide/images/thumbs/_________________4c53e88ea168f.jpg]
[letsdance.ho.ua/highslide/images/large/_________________4e538b85e3ce2.jpg]
[letsdance.ho.ua/highslide/images/thumbs/_________________4e538b85e3ce2.jpg]
[letsdance.ho.ua/highslide/images/large/_________________4b2cc6d6a5b5b.jpg]
[letsdance.ho.ua/highslide/images/thumbs/_________________4b2cc6d6a5b5b.jpg]
[letsdance.ho.ua/highslide/images/large/_________________4c5404c377a90.jpg]
[letsdance.ho.ua/highslide/images/thumbs/_________________4c5404c377a90.jpg]
[letsdance.ho.ua/highslide/images/large/_________________4eba7caa7280d.jpg]
[letsdance.ho.ua/highslide/images/thumbs/_________________4eba7caa7280d.jpg]
[letsdance.ho.ua/highslide/images/large/_________________4b2cc6f16fbbb.jpg]
[letsdance.ho.ua/highslide/images/thumbs/_________________4b2cc6f16fbbb.jpg]
[letsdance.ho.ua/highslide/images/large/_________________4cfccbbd08c58.jpg]
[letsdance.ho.ua/highslide/images/thumbs/_________________4cfccbbd08c58.jpg]
[letsdance.ho.ua/highslide/images/large/_________________4e4e206e5fa5d.jpg]
[letsdance.ho.ua/highslide/images/thumbs/_________________4e4e206e5fa5d.jpg]
[letsdance.ho.ua/highslide/images/large/_________________4e522f519bf67.jpg]
[letsdance.ho.ua/highslide/images/thumbs/_________________4e522f519bf67.jpg]
[letsdance.ho.ua/highslide/images/large/_________________4e04ce0db7807.jpg]
[letsdance.ho.ua/highslide/images/thumbs/_________________4e04ce0db7807.jpg]
[letsdance.ho.ua/highslide/images/large/_________________4e5243a1c7807.jpg]
[letsdance.ho.ua/highslide/images/thumbs/_________________4e5243a1c7807.jpg]
[letsdance.ho.ua/highslide/images/large/_________________4e5251be9813a.jpg]
[letsdance.ho.ua/highslide/images/thumbs/_________________4e5251be9813a.jpg]
[letsdance.ho.ua/highslide/images/large/_________________4e030cd120f03.jpg]
[letsdance.ho.ua/highslide/images/thumbs/_________________4e030cd120f03.jpg]
[letsdance.ho.ua/highslide/images/large/_________________4e522bef5499a.jpg]
[letsdance.ho.ua/highslide/images/thumbs/_________________4e522bef5499a.jpg]
[letsdance.ho.ua/highslide/images/large/_________________4e538bfbe976c.jpg]
[letsdance.ho.ua/highslide/images/thumbs/_________________4e538bfbe976c.jpg]
[letsdance.ho.ua/highslide/images/large/_________________4e53a6b09909a.jpg]
[letsdance.ho.ua/highslide/images/thumbs/_________________4e53a6b09909a.jpg]
[letsdance.ho.ua/highslide/images/large/_________________4e53a6ced5b91.jpg]
[letsdance.ho.ua/highslide/images/thumbs/_________________4e53a6ced5b91.jpg]
[letsdance.ho.ua/highslide/images/large/_________________4ec0fc7eaac0a.jpg]
[letsdance.ho.ua/highslide/images/thumbs/_________________4ec0fc7eaac0a.jpg]
[letsdance.ho.ua/highslide/images/large/_________________4e5275ebecf3e.jpg]
[letsdance.ho.ua/highslide/images/thumbs/_________________4e5275ebecf3e.jpg]
[letsdance.ho.ua/highslide/images/large/_________________4cf0deb33895b.jpg]
[letsdance.ho.ua/highslide/images/thumbs/_________________4cf0deb33895b.jpg]
[letsdance.ho.ua/highslide/images/large/_________________4cf0df03c6874.jpg]
[letsdance.ho.ua/highslide/images/thumbs/_________________4cf0df03c6874.jpg]
[letsdance.ho.ua/highslide/images/large/_________________4cf0e2324c36e.jpg]
[letsdance.ho.ua/highslide/images/thumbs/_________________4cf0e2324c36e.jpg]
[letsdance.ho.ua/highslide/images/large/_________________4cf3fd1c191ff.jpg]
[letsdance.ho.ua/highslide/images/thumbs/_________________4cf3fd1c191ff.jpg]
[letsdance.ho.ua/highslide/images/large/_________________4d1b2dec5a66c.jpg]
[letsdance.ho.ua/highslide/images/thumbs/_________________4d1b2dec5a66c.jpg]
[letsdance.ho.ua/highslide/images/large/_________________4e4d26da24c8f.jpg]
[letsdance.ho.ua/highslide/images/thumbs/_________________4e4d26da24c8f.jpg]
[letsdance.ho.ua/highslide/images/large/_________________4d15ac88903e4.jpg]
[letsdance.ho.ua/highslide/images/thumbs/_________________4d15ac88903e4.jpg]
[letsdance.ho.ua/highslide/images/large/_________________4d163778c9b2d.jpg]
[letsdance.ho.ua/highslide/images/thumbs/_________________4d163778c9b2d.jpg]
[letsdance.ho.ua/highslide/images/large/_________________4d15aeb316777.jpg]
[letsdance.ho.ua/highslide/images/thumbs/_________________4d15aeb316777.jpg]
[letsdance.ho.ua/highslide/images/large/_________________4d1b2d60d85e7.jpg]
[letsdance.ho.ua/highslide/images/thumbs/_________________4d1b2d60d85e7.jpg]
[letsdance.ho.ua/highslide/images/large/_________________4d15ae11cc97d.jpg]
[letsdance.ho.ua/highslide/images/thumbs/_________________4d15ae11cc97d.jpg]
[letsdance.ho.ua/highslide/images/large/_________________4cf78f625e2d4.jpg]
[letsdance.ho.ua/highslide/images/thumbs/_________________4cf78f625e2d4.jpg]
[letsdance.ho.ua/highslide/images/large/_________________4d1b2c2826e07.jpg]
[letsdance.ho.ua/highslide/images/thumbs/_________________4d1b2c2826e07.jpg]
[letsdance.ho.ua/highslide/images/large/_________________4ec67d3c336a0.jpg]
[letsdance.ho.ua/highslide/images/thumbs/_________________4ec67d3c336a0.jpg]
[letsdance.ho.ua/highslide/images/large/_________________4d0789a561cfe.jpg]
[letsdance.ho.ua/highslide/images/thumbs/_________________4d0789a561cfe.jpg]
[letsdance.ho.ua/highslide/images/large/_________________4e299e38f384e.jpg]
[letsdance.ho.ua/highslide/images/thumbs/_________________4e299e38f384e.jpg]
[letsdance.ho.ua/highslide/images/large/_________________4b2cc66d15877.jpg]
[letsdance.ho.ua/highslide/images/thumbs/_________________4b2cc66d15877.jpg]
[letsdance.ho.ua/highslide/images/large/_________________4c53e7a1a3fd0.jpg]
[letsdance.ho.ua/highslide/images/thumbs/_________________4c53e7a1a3fd0.jpg]
[letsdance.ho.ua/highslide/images/large/_________________4cfcd0811b7c4.jpg]
[letsdance.ho.ua/highslide/images/thumbs/_________________4cfcd0811b7c4.jpg]
[letsdance.ho.ua/highslide/images/large/_________________4b96a1a0c2809.jpg]
[letsdance.ho.ua/highslide/images/thumbs/_________________4b96a1a0c2809.jpg]
[letsdance.ho.ua/highslide/images/large/_________________4e2965d66e713.jpg]
[letsdance.ho.ua/highslide/images/thumbs/_________________4e2965d66e713.jpg]
[letsdance.ho.ua/highslide/images/large/_________________4d1b2d728f9d1.jpg]
[letsdance.ho.ua/highslide/images/thumbs/_________________4d1b2d728f9d1.jpg]
[letsdance.ho.ua/27.html]
[letsdance.ho.ua/highslide/images/large/_________________4cf3f85fbd4ed.jpg]
[letsdance.ho.ua/highslide/images/thumbs/_________________4cf3f85fbd4ed.jpg]
[letsdance.ho.ua/highslide/images/large/_________________4cf3f87f9f0be.jpg]
[letsdance.ho.ua/highslide/images/thumbs/_________________4cf3f87f9f0be.jpg]
[letsdance.ho.ua/highslide/images/large/_________________4eb55e4595c8c.jpg]
[letsdance.ho.ua/highslide/images/thumbs/_________________4eb55e4595c8c.jpg]
[letsdance.ho.ua/highslide/images/large/_________________4e4d29d121e48.jpg]
[letsdance.ho.ua/highslide/images/thumbs/_________________4e4d29d121e48.jpg]
[letsdance.ho.ua/highslide/images/large/_________________4ec0f5f02b1f5.jpg]
[letsdance.ho.ua/highslide/images/thumbs/_________________4ec0f5f02b1f5.jpg]
[letsdance.ho.ua/highslide/images/large/_________________4e96ad74894d6.jpg]
[letsdance.ho.ua/highslide/images/thumbs/_________________4e96ad74894d6.jpg]
[letsdance.ho.ua/highslide/images/large/_________________4e5b6960db537.jpg]
[letsdance.ho.ua/highslide/images/thumbs/_________________4e5b6960db537.jpg]
[letsdance.ho.ua/highslide/images/large/_________________4e71fbc589ecb.jpg]
[letsdance.ho.ua/highslide/images/thumbs/_________________4e71fbc589ecb.jpg]
[letsdance.ho.ua/highslide/images/large/_________________4e538aecf2231.jpg]
[letsdance.ho.ua/highslide/images/thumbs/_________________4e538aecf2231.jpg]
[letsdance.ho.ua/highslide/images/large/_________________4e4a3bbc31eaf.jpg]
[letsdance.ho.ua/highslide/images/thumbs/_________________4e4a3bbc31eaf.jpg]
[letsdance.ho.ua/highslide/images/large/_________________4d1b2c464fa7a.jpg]
[letsdance.ho.ua/highslide/images/thumbs/_________________4d1b2c464fa7a.jpg]
[letsdance.ho.ua/highslide/images/large/_________________4e5cf7be01c48.jpg]
[letsdance.ho.ua/highslide/images/thumbs/_________________4e5cf7be01c48.jpg]
[letsdance.ho.ua/highslide/images/large/_________________4ba6856341af2.jpg]
[letsdance.ho.ua/highslide/images/thumbs/_________________4ba6856341af2.jpg]
[letsdance.ho.ua/highslide/images/large/_________________4b308a48dfc4b.jpg]
[letsdance.ho.ua/highslide/images/thumbs/_________________4b308a48dfc4b.jpg]
[letsdance.ho.ua/highslide/images/large/_________________4e53a7573be5f.jpg]
[letsdance.ho.ua/highslide/images/thumbs/_________________4e53a7573be5f.jpg]
[letsdance.ho.ua/highslide/images/large/_________________4e538c36ba333.jpg]
[letsdance.ho.ua/highslide/images/thumbs/_________________4e538c36ba333.jpg]
[letsdance.ho.ua/highslide/images/large/_________________4e5cd90982f87.jpg]
[letsdance.ho.ua/highslide/images/thumbs/_________________4e5cd90982f87.jpg]
[letsdance.ho.ua/highslide/images/large/_________________4e6f464d663a1.jpg]
[letsdance.ho.ua/highslide/images/thumbs/_________________4e6f464d663a1.jpg]
[letsdance.ho.ua/highslide/images/large/_________________4c52e58b2afd1.jpg]
[letsdance.ho.ua/highslide/images/thumbs/_________________4c52e58b2afd1.jpg]
[letsdance.ho.ua/highslide/images/large/_________________4c3dd7d97f7f9.jpg]
[letsdance.ho.ua/highslide/images/thumbs/_________________4c3dd7d97f7f9.jpg]
[letsdance.ho.ua/highslide/images/large/_________________4c3c6a245259a.jpg]
[letsdance.ho.ua/highslide/images/thumbs/_________________4c3c6a245259a.jpg]
[letsdance.ho.ua/highslide/images/large/_________________4d063bead0050.jpg]
[letsdance.ho.ua/highslide/images/thumbs/_________________4d063bead0050.jpg]
[letsdance.ho.ua/highslide/images/large/_________________4e4cdb936311c.jpg]
[letsdance.ho.ua/highslide/images/thumbs/_________________4e4cdb936311c.jpg]
[letsdance.ho.ua/highslide/images/large/_________________4d063a8ba3c26.jpg]
[letsdance.ho.ua/highslide/images/thumbs/_________________4d063a8ba3c26.jpg]
[letsdance.ho.ua/highslide/images/large/_________________4b99c3686bd51.jpg]
[letsdance.ho.ua/highslide/images/thumbs/_________________4b99c3686bd51.jpg]
[letsdance.ho.ua/highslide/images/large/_________________4b307f9c547cf.jpg]
[letsdance.ho.ua/highslide/images/thumbs/_________________4b307f9c547cf.jpg]
[letsdance.ho.ua/highslide/images/large/_________________4b2a55c0a52b8.jpg]
[letsdance.ho.ua/28.html]
[letsdance.ho.ua/highslide/images/thumbs/_________________4b2a55c0a52b8.jpg]
[letsdance.ho.ua/highslide/images/large/autumn5.jpg]
[letsdance.ho.ua/highslide/images/thumbs/autumn5.jpg]
[letsdance.ho.ua/highslide/images/large/autumn1.jpg]
[letsdance.ho.ua/highslide/images/thumbs/autumn1.jpg]
[letsdance.ho.ua/highslide/images/large/autumn2.jpg]
[letsdance.ho.ua/highslide/images/thumbs/autumn2.jpg]
[letsdance.ho.ua/highslide/images/large/autumn6.jpg]
[letsdance.ho.ua/highslide/images/thumbs/autumn6.jpg]
[letsdance.ho.ua/highslide/images/large/autumn__4.jpg]
[letsdance.ho.ua/highslide/images/thumbs/autumn__4.jpg]
[letsdance.ho.ua/highslide/images/large/autumn3.jpg]
[letsdance.ho.ua/highslide/images/thumbs/autumn3.jpg]
[letsdance.ho.ua/highslide/images/large/fialka.jpg]
[letsdance.ho.ua/highslide/images/thumbs/fialka.jpg]
[letsdance.ho.ua/highslide/images/large/mashroom.jpg]
[letsdance.ho.ua/highslide/images/thumbs/mashroom.jpg]
[letsdance.ho.ua/highslide/images/large/tomato.jpg]
[letsdance.ho.ua/highslide/images/thumbs/tomato.jpg]
[letsdance.ho.ua/highslide/images/large/IMG_0472.jpg]
[letsdance.ho.ua/highslide/images/thumbs/IMG_0472.jpg]
[letsdance.ho.ua/highslide/images/large/hedgehog.jpg]
[letsdance.ho.ua/highslide/images/thumbs/hedgehog.jpg]
[letsdance.ho.ua/highslide/images/large/rabbit_big.jpg]
[letsdance.ho.ua/highslide/images/thumbs/rabbit_big.jpg]
[letsdance.ho.ua/highslide/images/large/IMG_0478.jpg]
[letsdance.ho.ua/highslide/images/thumbs/IMG_0478.jpg]
[letsdance.ho.ua/highslide/images/large/IMG_0475.jpg]
[letsdance.ho.ua/highslide/images/thumbs/IMG_0475.jpg]
[letsdance.ho.ua/highslide/images/large/IMG_0476.jpg]
[letsdance.ho.ua/highslide/images/thumbs/IMG_0476.jpg]
[letsdance.ho.ua/highslide/images/large/IMG_0470.jpg]
[letsdance.ho.ua/highslide/images/thumbs/IMG_0470.jpg]
[letsdance.ho.ua/highslide/images/large/vinnie.jpg]
[letsdance.ho.ua/highslide/images/thumbs/vinnie.jpg]
[letsdance.ho.ua/highslide/images/large/duck.jpg]
[letsdance.ho.ua/highslide/images/thumbs/duck.jpg]
[letsdance.ho.ua/highslide/images/large/chikken.jpg]
[letsdance.ho.ua/highslide/images/thumbs/chikken.jpg]
[letsdance.ho.ua/highslide/images/large/soroka.jpg]
[letsdance.ho.ua/highslide/images/thumbs/soroka.jpg]
[letsdance.ho.ua/highslide/images/large/blue_butterfly.jpg]
[letsdance.ho.ua/highslide/images/thumbs/blue_butterfly.jpg]
[letsdance.ho.ua/highslide/images/large/Bee.jpg]
[letsdance.ho.ua/highslide/images/thumbs/Bee.jpg]
[letsdance.ho.ua/highslide/images/large/krulja_babochki.jpg]
[letsdance.ho.ua/highslide/images/thumbs/krulja_babochki.jpg]
[letsdance.ho.ua/highslide/images/large/king-child.jpg]
[letsdance.ho.ua/highslide/images/thumbs/king-child.jpg]
[letsdance.ho.ua/highslide/images/large/pirat-g.jpg]
[letsdance.ho.ua/highslide/images/thumbs/pirat-g.jpg]
[letsdance.ho.ua/highslide/images/large/pirat-b2.jpg]
[letsdance.ho.ua/highslide/images/thumbs/pirat-b2.jpg]
[letsdance.ho.ua/highslide/images/large/pirat-b.jpg]
[letsdance.ho.ua/highslide/images/thumbs/pirat-b.jpg]
[letsdance.ho.ua/highslide/images/large/spanish-girl.jpg]
[letsdance.ho.ua/highslide/images/thumbs/spanish-girl.jpg]
[letsdance.ho.ua/highslide/images/large/Rumba-girl120.jpg]
[letsdance.ho.ua/highslide/images/thumbs/Rumba-girl120.jpg]
[letsdance.ho.ua/highslide/images/large/IMG_0479.jpg]
[letsdance.ho.ua/highslide/images/thumbs/IMG_0479.jpg]
[letsdance.ho.ua/highslide/images/large/IMG_0483.jpg]
[letsdance.ho.ua/highslide/images/thumbs/IMG_0483.jpg]
[letsdance.ho.ua/highslide/images/large/myshketer.jpg]
[letsdance.ho.ua/highslide/images/thumbs/myshketer.jpg]
[letsdance.ho.ua/highslide/images/large/plash.jpg]
[letsdance.ho.ua/highslide/images/thumbs/plash.jpg]
[letsdance.ho.ua/highslide/images/large/wings.jpg]
[letsdance.ho.ua/highslide/images/thumbs/wings.jpg]
[letsdance.ho.ua/highslide/images/large/angel2.jpg]
[letsdance.ho.ua/highslide/images/thumbs/angel2.jpg]
[letsdance.ho.ua/highslide/images/large/angel1.jpg]
[letsdance.ho.ua/highslide/images/thumbs/angel1.jpg]
[letsdance.ho.ua/highslide/images/large/IMG_0471.jpg]
[letsdance.ho.ua/highslide/images/thumbs/IMG_0471.jpg]
[letsdance.ho.ua/highslide/images/large/IMG_0473.jpg]
[letsdance.ho.ua/highslide/images/thumbs/IMG_0473.jpg]
[letsdance.ho.ua/29.html]
[letsdance.ho.ua/highslide/images/large/Bee_001.jpg]
[letsdance.ho.ua/highslide/images/thumbs/Bee_001.jpg]
[letsdance.ho.ua/highslide/images/large/Devil.jpg]
[letsdance.ho.ua/highslide/images/thumbs/Devil.jpg]
[letsdance.ho.ua/highslide/images/large/MouseWithPink.jpg]
[letsdance.ho.ua/highslide/images/thumbs/MouseWithPink.jpg]
[letsdance.ho.ua/highslide/images/large/Santa_2.jpg]
[letsdance.ho.ua/highslide/images/thumbs/Santa_2.jpg]
[letsdance.ho.ua/highslide/images/large/Queen.jpg]
[letsdance.ho.ua/highslide/images/thumbs/Queen.jpg]
[letsdance.ho.ua/highslide/images/large/_________________4cefa6f8eb15b.jpg]
[letsdance.ho.ua/highslide/images/thumbs/_________________4cefa6f8eb15b.jpg]
[letsdance.ho.ua/highslide/images/large/Mask_Mexican.jpg]
[letsdance.ho.ua/highslide/images/thumbs/Mask_Mexican.jpg]
[letsdance.ho.ua/highslide/images/large/St.Nicolas_White.jpg]
[letsdance.ho.ua/highslide/images/thumbs/St.Nicolas_White.jpg]
[letsdance.ho.ua/highslide/images/large/_________________4cfd0d121ee5d.jpg]
[letsdance.ho.ua/highslide/images/thumbs/_________________4cfd0d121ee5d.jpg]
[letsdance.ho.ua/highslide/images/large/Santa_3.jpg]
[letsdance.ho.ua/highslide/images/thumbs/Santa_3.jpg]
[letsdance.ho.ua/highslide/images/large/WitchPink.jpg]
[letsdance.ho.ua/highslide/images/thumbs/WitchPink.jpg]
[letsdance.ho.ua/highslide/images/large/Bat_Dark_angel.jpg]
[letsdance.ho.ua/highslide/images/thumbs/Bat_Dark_angel.jpg]
[letsdance.ho.ua/highslide/images/large/Octoberfest_2.jpg]
[letsdance.ho.ua/highslide/images/thumbs/Octoberfest_2.jpg]
[letsdance.ho.ua/highslide/images/large/Clown160grn.jpg]
[letsdance.ho.ua/highslide/images/thumbs/Clown160grn.jpg]
[letsdance.ho.ua/highslide/images/large/Pirat330grn.jpg]
[letsdance.ho.ua/highslide/images/thumbs/Pirat330grn.jpg]
[letsdance.ho.ua/highslide/images/large/_________________4e956384b65f7.jpg]
[letsdance.ho.ua/highslide/images/thumbs/_________________4e956384b65f7.jpg]
[letsdance.ho.ua/highslide/images/large/Shrek.jpg]
[letsdance.ho.ua/highslide/images/thumbs/Shrek.jpg]
[letsdance.ho.ua/highslide/images/large/Octoberfest_1.jpg]
[letsdance.ho.ua/highslide/images/thumbs/Octoberfest_1.jpg]
[letsdance.ho.ua/highslide/images/large/Musketeer330grn.jpg]
[letsdance.ho.ua/highslide/images/thumbs/Musketeer330grn.jpg]
[letsdance.ho.ua/highslide/images/large/Devil_002.jpg]
[letsdance.ho.ua/highslide/images/thumbs/Devil_002.jpg]
[letsdance.ho.ua/highslide/images/large/Knight.jpg]
[letsdance.ho.ua/highslide/images/thumbs/Knight.jpg]
[letsdance.ho.ua/highslide/images/large/St.Nicolas.jpg]
[letsdance.ho.ua/highslide/images/thumbs/St.Nicolas.jpg]
[letsdance.ho.ua/highslide/images/large/Mexican_001.jpg]
[letsdance.ho.ua/highslide/images/thumbs/Mexican_001.jpg]
[letsdance.ho.ua/highslide/images/large/SpanchBob.jpg]
[letsdance.ho.ua/highslide/images/thumbs/SpanchBob.jpg]
[letsdance.ho.ua/highslide/images/large/Witch_4.jpg]
[letsdance.ho.ua/highslide/images/thumbs/Witch_4.jpg]
[letsdance.ho.ua/highslide/images/large/RedBug.jpg]
[letsdance.ho.ua/highslide/images/thumbs/RedBug.jpg]
[letsdance.ho.ua/highslide/images/large/Witch_2.jpg]
[letsdance.ho.ua/highslide/images/thumbs/Witch_2.jpg]
[letsdance.ho.ua/highslide/images/large/Witch_3.jpg]
[letsdance.ho.ua/highslide/images/thumbs/Witch_3.jpg]
[letsdance.ho.ua/highslide/images/large/_________________4cef8e6dcad54.jpg]
[letsdance.ho.ua/highslide/images/thumbs/_________________4cef8e6dcad54.jpg]
[letsdance.ho.ua/highslide/images/large/VioletPirat200grn.jpg]
[letsdance.ho.ua/highslide/images/thumbs/VioletPirat200grn.jpg]
[letsdance.ho.ua/highslide/images/large/_______________4cef8e145eea3.jpg]
[letsdance.ho.ua/highslide/images/thumbs/_______________4cef8e145eea3.jpg]
[letsdance.ho.ua/highslide/images/large/_________________4cef8dfe0d20b.jpg]
[letsdance.ho.ua/highslide/images/thumbs/_________________4cef8dfe0d20b.jpg]
[letsdance.ho.ua/highslide/images/large/Cesar.jpg]
[letsdance.ho.ua/highslide/images/thumbs/Cesar.jpg]
[letsdance.ho.ua/highslide/images/large/Witch_1.jpg]
[letsdance.ho.ua/highslide/images/thumbs/Witch_1.jpg]
[letsdance.ho.ua/30.html]
[letsdance.ho.ua/highslide/images/large/..html]
[letsdance.ho.ua/highslide/images/thumbs/..html]
